src/app/checkout/(checkout)/_components/list-payment-methods.tsx(163,26): error TS2304: Cannot find name 'PaymentMethodsSkeleton'.
src/app/shop/[id]/_components/ProductReviews.tsx(83,49): error TS2339: Property 'user' does not exist on type 'UserReview'.
src/app/shop/[id]/_components/ProductReviews.tsx(84,62): error TS2339: Property 'user' does not exist on type 'UserReview'.
src/app/shop/[id]/_components/ProductReviews.tsx(90,102): error TS2339: Property 'user' does not exist on type 'UserReview'.
src/components/best-of-fruit-veg.tsx(86,13): error TS2353: Object literal may only specify known properties, and 'quantity' does not exist in type 'Product'.
